// Jest Snapshot v1, https://goo.gl/fbAQLP

exports[`Details container Details snapshot 1`] = `<div />`;
